D:\University\Semester4\HQT\ThucHanh\QLKTX\QLKTX_HQT\src\main\java\NhanVienKeToanMo\CapNhatTTKT.java
D:\University\Semester4\HQT\ThucHanh\QLKTX\QLKTX_HQT\src\main\java\com\mycompany\qlktx\DSSinhVien.java
D:\University\Semester4\HQT\ThucHanh\QLKTX\QLKTX_HQT\src\main\java\SinhVien\YeuCauSV.java
D:\University\Semester4\HQT\ThucHanh\QLKTX\QLKTX_HQT\src\main\java\com\mycompany\qlktx\TrangChuNV.java
D:\University\Semester4\HQT\ThucHanh\QLKTX\QLKTX_HQT\src\main\java\com\mycompany\qlktx\DSDangKyTG.java
D:\University\Semester4\HQT\ThucHanh\QLKTX\QLKTX_HQT\src\main\java\SinhVienMoi\ViPhamSV.java
D:\University\Semester4\HQT\ThucHanh\QLKTX\QLKTX_HQT\src\main\java\com\mycompany\qlktx\QLYeuCau.java
D:\University\Semester4\HQT\ThucHanh\QLKTX\QLKTX_HQT\src\main\java\SinhVienMoi\CapNhatTTSV.java
D:\University\Semester4\HQT\ThucHanh\QLKTX\QLKTX_HQT\src\main\java\com\mycompany\qlktx\ThongTinCaNhanQL.java
D:\University\Semester4\HQT\ThucHanh\QLKTX\QLKTX_HQT\src\main\java\NhanVienKeToanMo\TraCuuPhongKT.java
D:\University\Semester4\HQT\ThucHanh\QLKTX\QLKTX_HQT\src\main\java\com\mycompany\qlktx\TraCuuPhong.java
D:\University\Semester4\HQT\ThucHanh\QLKTX\QLKTX_HQT\src\main\java\SinhVien\CuTruSV.java
D:\University\Semester4\HQT\ThucHanh\QLKTX\QLKTX_HQT\src\main\java\NhanVienKeToanMo\PopupTracuuphong.java
D:\University\Semester4\HQT\ThucHanh\QLKTX\QLKTX_HQT\src\main\java\NhanVienKeToanMo\ThongKeKT.java
D:\University\Semester4\HQT\ThucHanh\QLKTX\QLKTX_HQT\src\main\java\NhanVienKeToanMo\CapNhatTT.java
D:\University\Semester4\HQT\ThucHanh\QLKTX\QLKTX_HQT\src\main\java\NhanVienKeToan\ThongKeKT.java
D:\University\Semester4\HQT\ThucHanh\QLKTX\QLKTX_HQT\src\main\java\SinhVien\ThongBaoSV.java
D:\University\Semester4\HQT\ThucHanh\QLKTX\QLKTX_HQT\src\main\java\SinhVien\HoaDonSV.java
D:\University\Semester4\HQT\ThucHanh\QLKTX\QLKTX_HQT\src\main\java\NhanVienKeToan\CapNhatTTKT.java
D:\University\Semester4\HQT\ThucHanh\QLKTX\QLKTX_HQT\src\main\java\NhanVienKeToanMo\HoaDonKT.java
D:\University\Semester4\HQT\ThucHanh\QLKTX\QLKTX_HQT\src\main\java\SinhVien\CapNhatTTSV.java
D:\University\Semester4\HQT\ThucHanh\QLKTX\QLKTX_HQT\src\main\java\SinhVienMoi\HoatDongSV.java
D:\University\Semester4\HQT\ThucHanh\QLKTX\QLKTX_HQT\src\main\java\com\mycompany\qlktx\QLThongBao.java
D:\University\Semester4\HQT\ThucHanh\QLKTX\QLKTX_HQT\src\main\java\NhanVienKeToanMo\CapNhatHDKT.java
D:\University\Semester4\HQT\ThucHanh\QLKTX\QLKTX_HQT\src\main\java\com\mycompany\qlktx\DSSinhVienQL.java
D:\University\Semester4\HQT\ThucHanh\QLKTX\QLKTX_HQT\src\main\java\com\mycompany\qlktx\QLPhongQL.java
D:\University\Semester4\HQT\ThucHanh\QLKTX\QLKTX_HQT\src\main\java\NhanVienKeToanMo\TaoHDKT.java
D:\University\Semester4\HQT\ThucHanh\QLKTX\QLKTX_HQT\src\main\java\SinhVienMoi\TraCuuPhongSV.java
D:\University\Semester4\HQT\ThucHanh\QLKTX\QLKTX_HQT\src\main\java\com\mycompany\qlktx\popup_thongtinsv.java
D:\University\Semester4\HQT\ThucHanh\QLKTX\QLKTX_HQT\src\main\java\com\mycompany\qlktx\QLHoatDong.java
D:\University\Semester4\HQT\ThucHanh\QLKTX\QLKTX_HQT\src\main\java\SinhVien\TraCuuPhongSV.java
D:\University\Semester4\HQT\ThucHanh\QLKTX\QLKTX_HQT\src\main\java\com\mycompany\qlktx\QLPhong.java
D:\University\Semester4\HQT\ThucHanh\QLKTX\QLKTX_HQT\src\main\java\SinhVienMoi\CuTruSV.java
D:\University\Semester4\HQT\ThucHanh\QLKTX\QLKTX_HQT\src\main\java\com\mycompany\qlktx\QLKTX.java
D:\University\Semester4\HQT\ThucHanh\QLKTX\QLKTX_HQT\src\main\java\SinhVien\HoatDongSV.java
D:\University\Semester4\HQT\ThucHanh\QLKTX\QLKTX_HQT\src\main\java\com\mycompany\qlktx\QLThongKe.java
D:\University\Semester4\HQT\ThucHanh\QLKTX\QLKTX_HQT\src\main\java\SinhVienMoi\SVCuTru.java
D:\University\Semester4\HQT\ThucHanh\QLKTX\QLKTX_HQT\src\main\java\SinhVienMoi\ThongBaoSV.java
D:\University\Semester4\HQT\ThucHanh\QLKTX\QLKTX_HQT\src\main\java\SinhVienMoi\YeuCauSV.java
D:\University\Semester4\HQT\ThucHanh\QLKTX\QLKTX_HQT\src\main\java\com\mycompany\qlktx\CapNhatCuTru.java
D:\University\Semester4\HQT\ThucHanh\QLKTX\QLKTX_HQT\src\main\java\NhanVienKeToan\CapNhatHDKT.java
D:\University\Semester4\HQT\ThucHanh\QLKTX\QLKTX_HQT\src\main\java\SinhVienMoi\HoaDonSV.java
D:\University\Semester4\HQT\ThucHanh\QLKTX\QLKTX_HQT\src\main\java\com\mycompany\qlktx\CTPhong.java
D:\University\Semester4\HQT\ThucHanh\QLKTX\QLKTX_HQT\src\main\java\com\mycompany\qlktx\CapNhatGiaPhong.java
D:\University\Semester4\HQT\ThucHanh\QLKTX\QLKTX_HQT\src\main\java\NhanVienKeToan\ThongBaoKT.java
D:\University\Semester4\HQT\ThucHanh\QLKTX\QLKTX_HQT\src\main\java\SinhVien\TrangChuSV.java
D:\University\Semester4\HQT\ThucHanh\QLKTX\QLKTX_HQT\src\main\java\NhanVienKeToanMo\popup_ctphong.java
D:\University\Semester4\HQT\ThucHanh\QLKTX\QLKTX_HQT\src\main\java\com\mycompany\qlktx\CapNhatTT.java
D:\University\Semester4\HQT\ThucHanh\QLKTX\QLKTX_HQT\src\main\java\com\mycompany\qlktx\QLViPham.java
D:\University\Semester4\HQT\ThucHanh\QLKTX\QLKTX_HQT\src\main\java\NhanVienKeToan\TrangChuKT.java
D:\University\Semester4\HQT\ThucHanh\QLKTX\QLKTX_HQT\src\main\java\com\mycompany\qlktx\DangNhap.java
D:\University\Semester4\HQT\ThucHanh\QLKTX\QLKTX_HQT\src\main\java\NhanVienKeToanMo\ThongBaoKT.java
D:\University\Semester4\HQT\ThucHanh\QLKTX\QLKTX_HQT\src\main\java\SinhVien\ViPhamSV.java
D:\University\Semester4\HQT\ThucHanh\QLKTX\QLKTX_HQT\src\main\java\NhanVienKeToan\HoaDonKT.java
D:\University\Semester4\HQT\ThucHanh\QLKTX\QLKTX_HQT\src\main\java\com\mycompany\qlktx\TrangChuQL.java
D:\University\Semester4\HQT\ThucHanh\QLKTX\QLKTX_HQT\src\main\java\NhanVienKeToan\TaoHDKT.java
D:\University\Semester4\HQT\ThucHanh\QLKTX\QLKTX_HQT\src\main\java\com\mycompany\qlktx\popup_chinhsuathongtin.java
D:\University\Semester4\HQT\ThucHanh\QLKTX\QLKTX_HQT\src\main\java\NhanVienKeToanMo\ThongTinCaNhanNV.java
D:\University\Semester4\HQT\ThucHanh\QLKTX\QLKTX_HQT\src\main\java\SinhVienMoi\TrangChuSV.java
D:\University\Semester4\HQT\ThucHanh\QLKTX\QLKTX_HQT\src\main\java\NhanVienKeToanMo\TrangChuKT.java
D:\University\Semester4\HQT\ThucHanh\QLKTX\QLKTX_HQT\src\main\java\com\mycompany\qlktx\ThongTinCaNhanNV.java
D:\University\Semester4\HQT\ThucHanh\QLKTX\QLKTX_HQT\src\main\java\NhanVienKeToan\TraCuuPhongKT.java
